// Jest Snapshot v1, https://goo.gl/fbAQLP

exports[`interpreter default scripts generics.ms 1`] = `"\\"{\\""`;

exports[`interpreter default scripts generics.ms 2`] = `"123"`;

exports[`interpreter default scripts generics.ms 3`] = `"\\"0\\""`;

exports[`interpreter default scripts generics.ms 4`] = `"1.23"`;

exports[`interpreter default scripts generics.ms 5`] = `"0"`;

exports[`interpreter default scripts generics.ms 6`] = `"101574"`;

exports[`interpreter default scripts generics.ms 7`] = `"61655"`;

exports[`interpreter default scripts generics.ms 8`] = `"61653"`;

exports[`interpreter default scripts generics.ms 9`] = `"1"`;

exports[`interpreter default scripts generics.ms 10`] = `"1345"`;

exports[`interpreter default scripts generics.ms 11`] = `"[6, 5, 4, 3, 2, 1, 0]"`;

exports[`interpreter default scripts generics.ms 12`] = `"[1, 2, 3, 4, 5]"`;

exports[`interpreter default scripts generics.ms 13`] = `"[5, 4, 3, 2, 1]"`;

exports[`interpreter default scripts generics.ms 14`] = `"[0, 2, 4, 6, 8, 10]"`;

exports[`interpreter default scripts generics.ms 15`] = `"-1060040609"`;

exports[`interpreter default scripts generics.ms 16`] = `"1.2055713536802566"`;

exports[`interpreter default scripts generics.ms 17`] = `"0"`;

exports[`interpreter default scripts generics.ms 18`] = `"1"`;

exports[`interpreter default scripts generics.ms 19`] = `"1"`;

exports[`interpreter default scripts generics.ms 20`] = `"null"`;

exports[`interpreter default scripts generics.ms 21`] = `"1"`;

exports[`interpreter default scripts generics.ms 22`] = `"{\\"miniscript\\":\\"1.5.9\\",\\"buildDate\\":\\"2000.01.01\\",\\"host\\":\\"3.3.0\\",\\"hostName\\":\\"Greybel\\",\\"hostInfo\\":\\"https://github.com/ayecue/greybel-interpreter\\"}"`;

exports[`interpreter default scripts generics.ms 23`] = `"0"`;

exports[`interpreter default scripts generics.ms 24`] = `"1"`;

exports[`interpreter default scripts has-index-and-index-of.ms 1`] = `"1"`;

exports[`interpreter default scripts has-index-and-index-of.ms 2`] = `"0"`;

exports[`interpreter default scripts has-index-and-index-of.ms 3`] = `"1"`;

exports[`interpreter default scripts has-index-and-index-of.ms 4`] = `"0"`;

exports[`interpreter default scripts has-index-and-index-of.ms 5`] = `"2"`;

exports[`interpreter default scripts has-index-and-index-of.ms 6`] = `"null"`;

exports[`interpreter default scripts has-index-and-index-of.ms 7`] = `"1"`;

exports[`interpreter default scripts has-index-and-index-of.ms 8`] = `"0"`;

exports[`interpreter default scripts has-index-and-index-of.ms 9`] = `"1"`;

exports[`interpreter default scripts has-index-and-index-of.ms 10`] = `"0"`;

exports[`interpreter default scripts has-index-and-index-of.ms 11`] = `"2"`;

exports[`interpreter default scripts has-index-and-index-of.ms 12`] = `"null"`;

exports[`interpreter default scripts has-index-and-index-of.ms 13`] = `"1"`;

exports[`interpreter default scripts has-index-and-index-of.ms 14`] = `"0"`;

exports[`interpreter default scripts has-index-and-index-of.ms 15`] = `"2"`;

exports[`interpreter default scripts has-index-and-index-of.ms 16`] = `"\\"foo\\""`;

exports[`interpreter default scripts has-index-and-index-of.ms 17`] = `"null"`;

exports[`interpreter default scripts has-index-and-index-of.ms 18`] = `"0"`;

exports[`interpreter default scripts has-index-and-index-of.ms 19`] = `"4"`;

exports[`interpreter default scripts has-index-and-index-of.ms 20`] = `"7"`;

exports[`interpreter default scripts has-index-and-index-of.ms 21`] = `"null"`;

exports[`interpreter default scripts has-index-and-index-of.ms 22`] = `"9"`;

exports[`interpreter default scripts has-index-and-index-of.ms 23`] = `"0"`;

exports[`interpreter default scripts has-index-and-index-of.ms 24`] = `"4"`;

exports[`interpreter default scripts has-index-and-index-of.ms 25`] = `"null"`;

exports[`interpreter default scripts has-index-and-index-of.ms 26`] = `"4"`;

exports[`interpreter default scripts has-index-and-index-of.ms 27`] = `"null"`;

exports[`interpreter default scripts has-index-and-index-of.ms 28`] = `"null"`;

exports[`interpreter default scripts has-index-and-index-of.ms 29`] = `"[\\"bar\\", \\"foo\\"]"`;

exports[`interpreter default scripts insert.ms 1`] = `"\\"Hello there, Bob!\\""`;

exports[`interpreter default scripts insert.ms 2`] = `"\\"Hello Bob?!\\""`;

exports[`interpreter default scripts insert.ms 3`] = `"[1, \\"A\\", 2, 3, 4, \\"B\\", 5]"`;

exports[`interpreter default scripts insert.ms 4`] = `"[\\"C\\", 1, 2, 3, 4, 5, \\"D\\"]"`;

exports[`interpreter default scripts list.ms 1`] = `"1"`;

exports[`interpreter default scripts list.ms 2`] = `"0"`;

exports[`interpreter default scripts list.ms 3`] = `"[0, 1]"`;

exports[`interpreter default scripts list.ms 4`] = `"1"`;

exports[`interpreter default scripts list.ms 5`] = `"null"`;

exports[`interpreter default scripts list.ms 6`] = `"2"`;

exports[`interpreter default scripts list.ms 7`] = `"\\"bar\\""`;

exports[`interpreter default scripts list.ms 8`] = `"[\\"foo\\"]"`;

exports[`interpreter default scripts list.ms 9`] = `"\\"foo\\""`;

exports[`interpreter default scripts list.ms 10`] = `"[\\"bar\\"]"`;

exports[`interpreter default scripts list.ms 11`] = `"[\\"foo\\", \\"bar\\", \\"xxx\\"]"`;

exports[`interpreter default scripts list.ms 12`] = `"[1, 2, 4, 6]"`;

exports[`interpreter default scripts list.ms 13`] = `"16"`;

exports[`interpreter default scripts list.ms 14`] = `"null"`;

exports[`interpreter default scripts list.ms 15`] = `"[\\"bar\\"]"`;

exports[`interpreter default scripts list.ms 16`] = `"[\\"foo\\", \\"bar\\"]"`;

exports[`interpreter default scripts list.ms 17`] = `"\\"foo;bar;xxx\\""`;

exports[`interpreter default scripts list.ms 18`] = `"0"`;

exports[`interpreter default scripts list.ms 19`] = `"0"`;

exports[`interpreter default scripts list.ms 20`] = `"1"`;

exports[`interpreter default scripts list.ms 21`] = `"1"`;

exports[`interpreter default scripts list.ms 22`] = `"\\"true\\""`;

exports[`interpreter default scripts list.ms 23`] = `"[{\\"foo\\":2}, {\\"foo\\":4}, {\\"foo\\":5}, {\\"foo\\":9}]"`;

exports[`interpreter default scripts list.ms 24`] = `"[1, 2, 1337, 3, 4]"`;

exports[`interpreter default scripts list.ms 25`] = `"[1, 3, 3, 7]"`;

exports[`interpreter default scripts manipulation.ms 1`] = `"1"`;

exports[`interpreter default scripts manipulation.ms 2`] = `"0"`;

exports[`interpreter default scripts manipulation.ms 3`] = `"1"`;

exports[`interpreter default scripts manipulation.ms 4`] = `"0"`;

exports[`interpreter default scripts manipulation.ms 5`] = `"1"`;

exports[`interpreter default scripts manipulation.ms 6`] = `"0"`;

exports[`interpreter default scripts manipulation.ms 7`] = `"\\"lore\\""`;

exports[`interpreter default scripts manipulation.ms 8`] = `"null"`;

exports[`interpreter default scripts manipulation.ms 9`] = `"1"`;

exports[`interpreter default scripts manipulation.ms 10`] = `"null"`;

exports[`interpreter default scripts manipulation.ms 11`] = `"4"`;

exports[`interpreter default scripts manipulation.ms 12`] = `"null"`;

exports[`interpreter default scripts manipulation.ms 13`] = `"[\\"foo\\", \\"bar\\", \\"lore\\"]"`;

exports[`interpreter default scripts manipulation.ms 14`] = `"[0, 1, 2]"`;

exports[`interpreter default scripts manipulation.ms 15`] = `"[0, 1, 2, 3, 4, 5, 6, 7, 8, 9, 10, 11, 12, 13, 14, 15, 16, 17, 18, 19, 20]"`;

exports[`interpreter default scripts manipulation.ms 16`] = `"[123, 1, \\"moo\\"]"`;

exports[`interpreter default scripts manipulation.ms 17`] = `"[\\"xxx\\", 123, \\"foo\\"]"`;

exports[`interpreter default scripts manipulation.ms 18`] = `"3"`;

exports[`interpreter default scripts manipulation.ms 19`] = `"3"`;

exports[`interpreter default scripts manipulation.ms 20`] = `"21"`;

exports[`interpreter default scripts manipulation.ms 21`] = `"\\"abc lorem ipsum xxxav\\""`;

exports[`interpreter default scripts manipulation.ms 22`] = `"\\"ABC LOREM IPSUM XXXAV\\""`;

exports[`interpreter default scripts manipulation.ms 23`] = `"[123, \\"foo\\"]"`;

exports[`interpreter default scripts manipulation.ms 24`] = `"[\\"xxx\\", 123]"`;

exports[`interpreter default scripts manipulation.ms 25`] = `"\\" lorem ipsum XxXaV\\""`;

exports[`interpreter default scripts manipulation.ms 26`] = `"\\"abc\\""`;

exports[`interpreter default scripts manipulation.ms 27`] = `"124"`;

exports[`interpreter default scripts manipulation.ms 28`] = `"123"`;

exports[`interpreter default scripts manipulation.ms 29`] = `"0"`;

exports[`interpreter default scripts manipulation.ms 30`] = `"123"`;

exports[`interpreter default scripts manipulation.ms 31`] = `"\\"foo\\""`;

exports[`interpreter default scripts manipulation.ms 32`] = `"{\\"bar\\":1,\\"lore\\":\\"moo\\"}"`;

exports[`interpreter default scripts manipulation.ms 33`] = `"[\\"xxx\\", 123]"`;

exports[`interpreter default scripts manipulation.ms 34`] = `"\\"xxx\\""`;

exports[`interpreter default scripts manipulation.ms 35`] = `"{\\"bar\\":1,\\"lore\\":\\"moo\\"}"`;

exports[`interpreter default scripts manipulation.ms 36`] = `"[123, \\"foo\\"]"`;

exports[`interpreter default scripts manipulation.ms 37`] = `"{\\"foo\\":123,\\"bar\\":1,\\"lore\\":\\"moo\\",\\"addition\\":1}"`;

exports[`interpreter default scripts manipulation.ms 38`] = `"[\\"xxx\\", 123, \\"foo\\", \\"addition\\"]"`;

exports[`interpreter default scripts manipulation.ms 39`] = `"{\\"foo\\":123,\\"lore\\":\\"moo\\"}"`;

exports[`interpreter default scripts manipulation.ms 40`] = `"[\\"xxx\\", \\"foo\\"]"`;

exports[`interpreter default scripts manipulation.ms 41`] = `"\\"abc lorem  XxXaV\\""`;

exports[`interpreter default scripts manipulation.ms 42`] = `"{\\"foo\\":123,\\"bar\\":\\"moo\\",\\"lore\\":1}"`;

exports[`interpreter default scripts manipulation.ms 43`] = `"[\\"xxx\\", \\"foo\\", 123]"`;

exports[`interpreter default scripts manipulation.ms 44`] = `"null"`;

exports[`interpreter default scripts manipulation.ms 45`] = `"[\\"foo\\", \\"xxx\\", 123]"`;

exports[`interpreter default scripts manipulation.ms 46`] = `"null"`;

exports[`interpreter default scripts manipulation.ms 47`] = `"[123, \\"xxx\\", \\"foo\\"]"`;

exports[`interpreter default scripts map.ms 1`] = `"1"`;

exports[`interpreter default scripts map.ms 2`] = `"0"`;

exports[`interpreter default scripts map.ms 3`] = `"[\\"foo\\", \\"bar\\"]"`;

exports[`interpreter default scripts map.ms 4`] = `"[9064, \\"ipsum\\"]"`;

exports[`interpreter default scripts map.ms 5`] = `"\\"bar\\""`;

exports[`interpreter default scripts map.ms 6`] = `"null"`;

exports[`interpreter default scripts map.ms 7`] = `"2"`;

exports[`interpreter default scripts map.ms 8`] = `"123"`;

exports[`interpreter default scripts map.ms 9`] = `"{\\"bar\\":\\"ipsum\\"}"`;

exports[`interpreter default scripts map.ms 10`] = `"{\\"foo\\":123,\\"bar\\":\\"ipsum\\",\\"moo\\":1}"`;

exports[`interpreter default scripts map.ms 11`] = `"323"`;

exports[`interpreter default scripts map.ms 12`] = `"{\\"foo\\":123,\\"bar\\":\\"ipsum\\"}"`;

exports[`interpreter default scripts map.ms 13`] = `"1"`;

exports[`interpreter default scripts map.ms 14`] = `"{\\"test\\":3,\\"bar\\":3,\\"foo\\":1}"`;

exports[`interpreter default scripts math.ms 1`] = `"1337"`;

exports[`interpreter default scripts math.ms 2`] = `"NaN"`;

exports[`interpreter default scripts math.ms 3`] = `"NaN"`;

exports[`interpreter default scripts math.ms 4`] = `"1.5700483837780477"`;

exports[`interpreter default scripts math.ms 5`] = `"-3.878660859970253"`;

exports[`interpreter default scripts math.ms 6`] = `"1337"`;

exports[`interpreter default scripts math.ms 7`] = `"0.2496568790410366"`;

exports[`interpreter default scripts math.ms 8`] = `"1337"`;

exports[`interpreter default scripts math.ms 9`] = `"-0.9683343651587963"`;

exports[`interpreter default scripts math.ms 10`] = `"1337"`;

exports[`interpreter default scripts math.ms 11`] = `"36.565010597564445"`;

exports[`interpreter default scripts math.ms 12`] = `"3.141592653589793"`;

exports[`interpreter default scripts math.ms 13`] = `"281"`;

exports[`interpreter default scripts math.ms 14`] = `"1403"`;

exports[`interpreter default scripts math.ms 15`] = `"1122"`;

exports[`interpreter default scripts math.ms 16`] = `"-939524096"`;

exports[`interpreter default scripts math.ms 17`] = `"0"`;

exports[`interpreter default scripts math.ms 18`] = `"0"`;

exports[`interpreter default scripts math.ms 19`] = `"-1338"`;

exports[`interpreter default scripts math.ms 20`] = `"12000"`;

exports[`interpreter default scripts remove.ms 1`] = `"{42:null}"`;

exports[`interpreter default scripts remove.ms 2`] = `"42"`;

exports[`interpreter default scripts remove.ms 3`] = `"1"`;

exports[`interpreter default scripts remove.ms 4`] = `"{42:null}"`;

exports[`interpreter default scripts remove.ms 5`] = `"null"`;

exports[`interpreter default scripts remove.ms 6`] = `"1"`;

exports[`interpreter default scripts remove.ms 7`] = `"1"`;

exports[`interpreter default scripts remove.ms 8`] = `"\\"Ho Bob!\\""`;

exports[`interpreter default scripts remove.ms 9`] = `"\\"Hello!\\""`;

exports[`interpreter default scripts remove.ms 10`] = `"[1, 2, 3, 5]"`;

exports[`interpreter default scripts remove.ms 11`] = `"0"`;

exports[`interpreter default scripts remove.ms 12`] = `"1"`;

exports[`interpreter default scripts remove.ms 13`] = `"{\\"foo\\":\\"bar\\"}"`;

exports[`interpreter default scripts remove.ms 14`] = `"[\\"a\\", \\"c\\", \\"a\\"]"`;

exports[`interpreter default scripts rnd.ms 1`] = `"0.4985665436834097"`;

exports[`interpreter default scripts rnd.ms 2`] = `"0.04626259859651327"`;

exports[`interpreter default scripts rnd.ms 3`] = `"0.04173178947530687"`;

exports[`interpreter default scripts rnd.ms 4`] = `"0.22427810914814472"`;

exports[`interpreter default scripts rnd.ms 5`] = `"0.2948848782107234"`;

exports[`interpreter default scripts rnd.ms 6`] = `"0.8563546116929501"`;

exports[`interpreter default scripts split.ms 1`] = `"[\\"Eat\\", \\"pray\\", \\"love\\"]"`;

exports[`interpreter default scripts split.ms 2`] = `"[\\"\\", \\"foo\\", \\"bar\\", \\"\\"]"`;

exports[`interpreter default scripts split.ms 3`] = `"[\\"Eat\\", \\"pray, love\\"]"`;

exports[`interpreter default scripts split.ms 4`] = `"[\\"foo\\", \\"bar\\", \\"baz=bamf\\"]"`;

exports[`interpreter default scripts split.ms 5`] = `"[\\"H\\", \\"e\\", \\"llo\\"]"`;

exports[`interpreter default scripts string.ms 1`] = `"1"`;

exports[`interpreter default scripts string.ms 2`] = `"0"`;

exports[`interpreter default scripts string.ms 3`] = `"[0, 1, 2, 3, 4, 5, 6, 7, 8, 9, 10, 11, 12, 13, 14, 15, 16, 17, 18, 19, 20, 21, 22]"`;

exports[`interpreter default scripts string.ms 4`] = `"[\\"x\\", \\"x\\", \\"x\\", \\" \\", \\"l\\", \\"o\\", \\"r\\", \\"e\\", \\"m\\", \\" \\", \\"i\\", \\"p\\", \\"s\\", \\"u\\", \\"m\\", \\" \\", \\"b\\", \\"a\\", \\"r\\", \\" \\", \\"f\\", \\"o\\", \\"r\\"]"`;

exports[`interpreter default scripts string.ms 5`] = `"16"`;

exports[`interpreter default scripts string.ms 6`] = `"null"`;

exports[`interpreter default scripts string.ms 7`] = `"120"`;

exports[`interpreter default scripts string.ms 8`] = `"23"`;

exports[`interpreter default scripts string.ms 9`] = `"\\"xxx was ccccccc\\""`;

exports[`interpreter default scripts string.ms 10`] = `"1.23"`;

exports[`interpreter default scripts string.ms 11`] = `"0"`;

exports[`interpreter default scripts string.ms 12`] = `"\\"XXX  CCCCCCC\\""`;

exports[`interpreter default scripts string.ms 13`] = `"\\"XXX WAS CCCCCCC\\""`;

exports[`interpreter default scripts string.ms 14`] = `"[\\"123\\", \\"was\\", \\"false\\"]"`;

exports[`interpreter default scripts string.ms 15`] = `"\\"xxx replaced ipsum bar for\\""`;

exports[`interpreter default scripts string.ms 16`] = `"\\"was      xx\\""`;

exports[`interpreter default scripts string.ms 17`] = `"\\"1213373456\\""`;

exports[`interpreter default scripts string.ms 18`] = `"[\\"a\\", \\"b\\", \\"c\\", \\"e\\", \\"d\\"]"`;

exports[`interpreter default scripts string.ms 19`] = `"[\\"abced\\", \\"ca\\", \\"xa\\"]"`;

exports[`interpreter default scripts string.ms 20`] = `"\\"foo \\\\\\"bar\\\\\\" foo\\""`;

exports[`interpreter default scripts string.ms 21`] = `"\\"foo \\"bar\\" foo\\""`;

exports[`interpreter default scripts string.ms 22`] = `"[\\"ab.ce.d\\"]"`;

exports[`interpreter default scripts string.ms 23`] = `"\\"xxx lrem ipsum bar fr\\""`;
